=== STAREA SISTEMULUI ===
Timestamp: 2025-10-31 14:04:09
Hostname : Ubuntu
Kernel   : Linux 6.8.0-87-generic
Uptime   : up 55 minutes
LoadAvg  : 1.62 1.43 1.67

-----Utilizare CPU-----
  User: 1.3%, System: 3.9%, Idle: 92.2%

--------------------- MEMORIE ---------------------
               total        used        free      shared  buff/cache   available
Mem:           5.6Gi       2.4Gi       149Mi       127Mi       3.1Gi       2.8Gi
Swap:          2.0Gi        56Mi       1.9Gi

------- PROCESE ACTIVE --------
    PID COMMAND         %CPU %MEM
   6773 kube-apiserver  16.5  3.9
   2977 gnome-shell     13.6  7.8
  23875 code            13.5  6.4
   6814 etcd            10.3  0.9
   6906 kubelet         10.0  1.0
   6794 kube-controller  9.0  1.7
  19692 firefox          7.0  5.3
  23835 code             6.2  2.9
   5723 dockerd          3.9  1.6

Total procese: 321

--- DISK USAGE ---
Filesystem     Type     Size  Used Avail Use% Mounted on
/dev/sda3      ext4      34G   17G   16G  53% /
/dev/sda2      vfat     512M  6.1M  506M   2% /boot/efi
/dev/sr0       iso9660   59M   59M     0 100% /media/eu/VBox_GAs_7.1.10

--- REȚEA (interfețe up) ---
lo: 127.0.0.1/8
enp0s3: 10.0.2.15/24
docker0: 172.17.0.1/16
br-4c3c7c295092: 192.168.49.1/24

