=== STAREA SISTEMULUI ===
Timestamp: 2025-10-27 10:56:21
Hostname : Ubuntu2204
Kernel   : Linux 6.8.0-85-generic
Uptime   : up 12 hours, 14 minutes
LoadAvg  : 1.53 1.22 1.05

-----Utilizare CPU-----
  User: 30.8%, System: 17.3%, Idle: 48.1%

--------------------- MEMORIE ---------------------
               total        used        free      shared  buff/cache   available
Mem:           5.6Gi       2.3Gi       262Mi        90Mi       3.1Gi       3.0Gi
Swap:          2.0Gi       572Mi       1.4Gi

------- PROCESE ACTIVE --------
    PID COMMAND         %CPU %MEM
 489764 code            18.5  6.3
 489744 code            12.3  2.8
 489797 code             6.0  1.8
   4895 gnome-shell      5.5  8.3
 489702 code             3.8  3.0
 489787 code             3.5  3.0
 489839 code             1.4  1.8
   3248 java             1.0  7.3
    901 dockerd          0.6  1.3

Total procese: 321

--- DISK USAGE ---
Filesystem       Type     Size  Used Avail Use% Mounted on
/dev/sda3        ext4      24G   23G   34M 100% /
/dev/sda2        vfat     512M  6.1M  506M   2% /boot/efi
/dev/sdb         ext4      25G  7.6G   16G  33% /media/eu/More data
/dev/sr0         iso9660   59M   59M     0 100% /media/eu/VBox_GAs_7.1.10

--- REȚEA (interfețe up) ---
lo: 127.0.0.1/8
enp0s3: 10.0.2.15/24
br-15d09dd5bd1c: 192.168.49.1/24
br-b69ca6370886: 172.18.0.1/16
docker0: 172.17.0.1/16
br-b136ef0db061: 172.19.0.1/16

