=== STAREA SISTEMULUI ===
Timestamp: 2025-10-17 13:41:55
Hostname : Ubuntu2204
Kernel   : Linux 6.8.0-85-generic
Uptime   : up 1 hour, 6 minutes
LoadAvg  : 1.03 1.04 0.92

-----Utilizare CPU-----
  User: 24.5%, System: 16.3%, Idle: 57.1%

--------------------- MEMORIE ---------------------
               total        used        free      shared  buff/cache   available
Mem:           5.6Gi       2.7Gi       392Mi       116Mi       2.5Gi       2.5Gi
Swap:          2.0Gi          0B       2.0Gi

------- PROCESE ACTIVE --------
    PID COMMAND         %CPU %MEM
   5917 code            14.1  6.3
   4895 gnome-shell     13.9  9.5
   5889 code             5.0  2.9
   5846 code             2.4  3.2
   3248 java             2.1 11.5
   5940 code             1.8  3.7
   6224 code             1.7  7.9
   5230 Xwayland         1.3  1.6
   5931 code             1.0  1.8

Total procese: 253

--- DISK USAGE ---
Filesystem       Type     Size  Used Avail Use% Mounted on
/dev/sda3        ext4      24G   22G  817M  97% /
/dev/sda2        vfat     512M  6.1M  506M   2% /boot/efi
/dev/sdb         ext4      25G  4.3G   19G  19% /media/eu/More data
/dev/sr0         iso9660   59M   59M     0 100% /media/eu/VBox_GAs_7.1.10

--- REȚEA (interfețe up) ---
lo: 127.0.0.1/8
enp0s3: 10.0.2.15/24
br-15d09dd5bd1c: 192.168.49.1/24
br-b69ca6370886: 172.18.0.1/16
docker0: 172.17.0.1/16

